Gur dhvpx oebj sbk whzcf bire gur ynml qbt!
The quick brow fox jumps over the lazy dog!
