This is an example of an input-output test that is supposed to go wrong.
